2026-05-09.20:34:40.0175 [DSM:1] 
2026-05-09.20:35:05.0196 [DSM:4] 743 records retrieved from the spreadsheet
2026-05-09.20:35:14.0664 [DSM:4] Currently Processing record: 1
2026-05-09.20:35:20.0104 [DSM:4] Currently Processing record: 2
2026-05-09.20:35:20.0994 [DSM:4] Currently Processing record: 3
2026-05-09.20:35:23.0846 [DSM:4] Currently Processing record: 4
2026-05-09.20:35:23.0850 [DSM:4] Currently Processing record: 5
2026-05-09.20:35:23.0855 [DSM:4] Currently Processing record: 6
2026-05-09.20:35:23.0860 [DSM:4] Currently Processing record: 7
2026-05-09.20:35:23.0866 [DSM:4] Currently Processing record: 8
2026-05-09.20:35:23.0875 [DSM:4] Currently Processing record: 9
2026-05-09.20:35:23.0884 [DSM:4] Currently Processing record: 10
2026-05-09.20:35:23.0888 [DSM:4] Currently Processing record: 11
2026-05-09.20:35:23.0894 [DSM:4] Currently Processing record: 12
2026-05-09.20:35:23.0897 [DSM:4] Currently Processing record: 13
2026-05-09.20:35:23.0902 [DSM:4] Currently Processing record: 14
2026-05-09.20:35:23.0906 [DSM:4] Currently Processing record: 15
2026-05-09.20:35:23.0913 [DSM:4] Currently Processing record: 16
2026-05-09.20:35:23.0919 [DSM:4] Currently Processing record: 17
2026-05-09.20:35:23.0922 [DSM:4] Currently Processing record: 18
2026-05-09.20:35:23.0926 [DSM:4] Currently Processing record: 19
2026-05-09.20:35:23.0929 [DSM:4] Currently Processing record: 20
2026-05-09.20:35:23.0933 [DSM:4] Currently Processing record: 21
2026-05-09.20:35:23.0935 [DSM:4] Currently Processing record: 22
2026-05-09.20:35:23.0938 [DSM:4] Currently Processing record: 23
2026-05-09.20:35:23.0943 [DSM:4] Currently Processing record: 24
2026-05-09.20:35:23.0947 [DSM:4] Currently Processing record: 25
2026-05-09.20:35:23.0949 [DSM:4] Currently Processing record: 26
2026-05-09.20:35:23.0952 [DSM:4] Currently Processing record: 27
2026-05-09.20:35:23.0955 [DSM:4] Currently Processing record: 28
2026-05-09.20:35:23.0958 [DSM:4] Currently Processing record: 29
2026-05-09.20:35:23.0961 [DSM:4] Currently Processing record: 30
2026-05-09.20:35:23.0966 [DSM:4] Currently Processing record: 31
2026-05-09.20:35:23.0970 [DSM:4] Currently Processing record: 32
2026-05-09.20:35:23.0972 [DSM:4] Currently Processing record: 33
2026-05-09.20:35:23.0976 [DSM:4] Currently Processing record: 34
2026-05-09.20:35:23.0980 [DSM:4] Currently Processing record: 35
2026-05-09.20:35:23.0982 [DSM:4] Currently Processing record: 36
2026-05-09.20:35:23.0991 [DSM:4] Currently Processing record: 37
2026-05-09.20:35:24.0000 [DSM:4] Currently Processing record: 38
2026-05-09.20:35:24.0007 [DSM:4] Currently Processing record: 39
2026-05-09.20:35:24.0014 [DSM:4] Currently Processing record: 40
2026-05-09.20:35:24.0019 [DSM:4] Currently Processing record: 41
2026-05-09.20:35:24.0024 [DSM:4] Currently Processing record: 42
2026-05-09.20:35:24.0027 [DSM:4] Currently Processing record: 43
2026-05-09.20:35:24.0030 [DSM:4] Currently Processing record: 44
2026-05-09.20:35:24.0035 [DSM:4] Currently Processing record: 45
2026-05-09.20:35:24.0041 [DSM:4] Currently Processing record: 46
2026-05-09.20:35:24.0044 [DSM:4] Currently Processing record: 47
2026-05-09.20:35:24.0047 [DSM:4] Currently Processing record: 48
2026-05-09.20:35:24.0050 [DSM:4] Currently Processing record: 49
2026-05-09.20:35:24.0055 [DSM:4] Currently Processing record: 50
2026-05-09.20:35:24.0059 [DSM:4] Currently Processing record: 51
2026-05-09.20:35:24.0062 [DSM:4] Currently Processing record: 52
2026-05-09.20:35:24.0064 [DSM:4] Currently Processing record: 53
2026-05-09.20:35:24.0068 [DSM:4] Currently Processing record: 54
2026-05-09.20:35:24.0072 [DSM:4] Currently Processing record: 55
2026-05-09.20:35:24.0078 [DSM:4] Currently Processing record: 56
2026-05-09.20:35:24.0081 [DSM:4] Currently Processing record: 57
2026-05-09.20:35:24.0088 [DSM:4] Currently Processing record: 58
2026-05-09.20:35:24.0091 [DSM:4] Currently Processing record: 59
2026-05-09.20:35:24.0094 [DSM:4] Currently Processing record: 60
2026-05-09.20:35:24.0098 [DSM:4] Currently Processing record: 61
2026-05-09.20:35:24.0102 [DSM:4] Currently Processing record: 62
2026-05-09.20:35:24.0105 [DSM:4] Currently Processing record: 63
2026-05-09.20:35:24.0110 [DSM:4] Registered Name Changed from  to Sixela Solstice for Reg No.: AV04883302
2026-05-09.20:35:24.0115 [DSM:4] Currently Processing record: 64
2026-05-09.20:35:24.0119 [DSM:4] Currently Processing record: 65
2026-05-09.20:35:24.0123 [DSM:4] Currently Processing record: 66
2026-05-09.20:35:24.0127 [DSM:4] Currently Processing record: 67
2026-05-09.20:35:24.0130 [DSM:4] Currently Processing record: 68
2026-05-09.20:35:24.0138 [DSM:4] Currently Processing record: 69
2026-05-09.20:35:24.0144 [DSM:4] Currently Processing record: 70
2026-05-09.20:35:24.0153 [DSM:4] Currently Processing record: 71
2026-05-09.20:35:24.0160 [DSM:4] Currently Processing record: 72
2026-05-09.20:35:24.0168 [DSM:4] Currently Processing record: 73
2026-05-09.20:35:24.0174 [DSM:4] Currently Processing record: 74
2026-05-09.20:35:24.0183 [DSM:4] Currently Processing record: 75
2026-05-09.20:35:24.0190 [DSM:4] Currently Processing record: 76
2026-05-09.20:35:24.0197 [DSM:4] Currently Processing record: 77
2026-05-09.20:35:24.0200 [DSM:4] Currently Processing record: 78
2026-05-09.20:35:24.0207 [DSM:4] Currently Processing record: 79
2026-05-09.20:35:24.0213 [DSM:4] Currently Processing record: 80
2026-05-09.20:35:24.0220 [DSM:4] Currently Processing record: 81
2026-05-09.20:35:24.0228 [DSM:4] Currently Processing record: 82
2026-05-09.20:35:24.0235 [DSM:4] Currently Processing record: 83
2026-05-09.20:35:24.0246 [DSM:4] Currently Processing record: 84
2026-05-09.20:35:24.0252 [DSM:4] Currently Processing record: 85
2026-05-09.20:35:24.0261 [DSM:4] Currently Processing record: 86
2026-05-09.20:35:24.0267 [DSM:4] Currently Processing record: 87
2026-05-09.20:35:24.0273 [DSM:4] Currently Processing record: 88
2026-05-09.20:35:24.0278 [DSM:4] Currently Processing record: 89
2026-05-09.20:35:24.0283 [DSM:4] Currently Processing record: 90
2026-05-09.20:35:24.0287 [DSM:4] Currently Processing record: 91
2026-05-09.20:35:24.0292 [DSM:4] Currently Processing record: 92
2026-05-09.20:35:24.0296 [DSM:4] Currently Processing record: 93
2026-05-09.20:35:24.0300 [DSM:4] Currently Processing record: 94
2026-05-09.20:35:24.0307 [DSM:4] Currently Processing record: 95
2026-05-09.20:35:24.0310 [DSM:4] Currently Processing record: 96
2026-05-09.20:35:24.0319 [DSM:4] Currently Processing record: 97
2026-05-09.20:35:24.0323 [DSM:4] Currently Processing record: 98
2026-05-09.20:35:24.0330 [DSM:4] Currently Processing record: 99
2026-05-09.20:35:24.0335 [DSM:4] Currently Processing record: 100
2026-05-09.20:35:24.0339 [DSM:4] Currently Processing record: 101
2026-05-09.20:35:24.0342 [DSM:4] Currently Processing record: 102
2026-05-09.20:35:24.0346 [DSM:4] Currently Processing record: 103
2026-05-09.20:35:24.0351 [DSM:4] Currently Processing record: 104
2026-05-09.20:35:24.0354 [DSM:4] Currently Processing record: 105
2026-05-09.20:35:24.0357 [DSM:4] Currently Processing record: 106
2026-05-09.20:35:24.0363 [DSM:4] Currently Processing record: 107
2026-05-09.20:35:24.0367 [DSM:4] Currently Processing record: 108
2026-05-09.20:35:24.0375 [DSM:4] Currently Processing record: 109
2026-05-09.20:35:24.0378 [DSM:4] Currently Processing record: 110
2026-05-09.20:35:24.0382 [DSM:4] Currently Processing record: 111
2026-05-09.20:35:24.0385 [DSM:4] Currently Processing record: 112
2026-05-09.20:35:24.0389 [DSM:4] Currently Processing record: 113
2026-05-09.20:35:24.0393 [DSM:4] Currently Processing record: 114
2026-05-09.20:35:24.0396 [DSM:4] Currently Processing record: 115
2026-05-09.20:35:24.0400 [DSM:4] Currently Processing record: 116
2026-05-09.20:35:24.0406 [DSM:4] Currently Processing record: 117
2026-05-09.20:35:24.0409 [DSM:4] Currently Processing record: 118
2026-05-09.20:35:24.0417 [DSM:4] Currently Processing record: 119
2026-05-09.20:35:24.0420 [DSM:4] Currently Processing record: 120
2026-05-09.20:35:24.0424 [DSM:4] Currently Processing record: 121
2026-05-09.20:35:24.0430 [DSM:4] Currently Processing record: 122
2026-05-09.20:35:24.0432 [DSM:4] Currently Processing record: 123
2026-05-09.20:35:24.0435 [DSM:4] Currently Processing record: 124
2026-05-09.20:35:24.0438 [DSM:4] Currently Processing record: 125
2026-05-09.20:35:24.0444 [DSM:4] Currently Processing record: 126
2026-05-09.20:35:24.0448 [DSM:4] Currently Processing record: 127
2026-05-09.20:35:24.0451 [DSM:4] Currently Processing record: 128
2026-05-09.20:35:24.0459 [DSM:4] Currently Processing record: 129
2026-05-09.20:35:24.0463 [DSM:4] Currently Processing record: 130
2026-05-09.20:35:24.0466 [DSM:4] Currently Processing record: 131
2026-05-09.20:35:24.0470 [DSM:4] Currently Processing record: 132
2026-05-09.20:35:24.0473 [DSM:4] Currently Processing record: 133
2026-05-09.20:35:24.0476 [DSM:4] Currently Processing record: 134
2026-05-09.20:35:24.0479 [DSM:4] Currently Processing record: 135
2026-05-09.20:35:24.0483 [DSM:4] Currently Processing record: 136
2026-05-09.20:35:24.0488 [DSM:4] Currently Processing record: 137
2026-05-09.20:35:24.0495 [DSM:4] Currently Processing record: 138
2026-05-09.20:35:24.0501 [DSM:4] Currently Processing record: 139
2026-05-09.20:35:24.0508 [DSM:4] Currently Processing record: 140
2026-05-09.20:35:24.0515 [DSM:4] Currently Processing record: 141
2026-05-09.20:35:24.0534 [DSM:4] Currently Processing record: 142
2026-05-09.20:35:24.0550 [DSM:4] Currently Processing record: 143
2026-05-09.20:35:24.0557 [DSM:4] Currently Processing record: 144
2026-05-09.20:35:24.0560 [DSM:4] Currently Processing record: 145
2026-05-09.20:35:24.0563 [DSM:4] Currently Processing record: 146
2026-05-09.20:35:24.0569 [DSM:4] Currently Processing record: 147
2026-05-09.20:35:24.0572 [DSM:4] Currently Processing record: 148
2026-05-09.20:35:24.0577 [DSM:4] Currently Processing record: 149
2026-05-09.20:35:24.0579 [DSM:4] Currently Processing record: 150
2026-05-09.20:35:24.0583 [DSM:4] Currently Processing record: 151
2026-05-09.20:35:24.0586 [DSM:4] Currently Processing record: 152
2026-05-09.20:35:24.0588 [DSM:4] Currently Processing record: 153
2026-05-09.20:35:24.0592 [DSM:4] Currently Processing record: 154
2026-05-09.20:35:24.0595 [DSM:4] Currently Processing record: 155
2026-05-09.20:35:24.0599 [DSM:4] Currently Processing record: 156
2026-05-09.20:35:24.0603 [DSM:4] Currently Processing record: 157
2026-05-09.20:35:24.0606 [DSM:4] Currently Processing record: 158
2026-05-09.20:35:24.0610 [DSM:4] Currently Processing record: 159
2026-05-09.20:35:24.0613 [DSM:4] Currently Processing record: 160
2026-05-09.20:35:24.0616 [DSM:4] Currently Processing record: 161
2026-05-09.20:35:24.0619 [DSM:4] Currently Processing record: 162
2026-05-09.20:35:24.0622 [DSM:4] Currently Processing record: 163
2026-05-09.20:35:24.0625 [DSM:4] Currently Processing record: 164
2026-05-09.20:35:24.0633 [DSM:4] Currently Processing record: 165
2026-05-09.20:35:24.0636 [DSM:4] Currently Processing record: 166
2026-05-09.20:35:24.0639 [DSM:4] Currently Processing record: 167
2026-05-09.20:35:24.0644 [DSM:4] Currently Processing record: 168
2026-05-09.20:35:24.0651 [DSM:4] Currently Processing record: 169
2026-05-09.20:35:24.0662 [DSM:4] Currently Processing record: 170
2026-05-09.20:35:24.0669 [DSM:4] Currently Processing record: 171
2026-05-09.20:35:24.0677 [DSM:4] Currently Processing record: 172
2026-05-09.20:35:24.0684 [DSM:4] Currently Processing record: 173
2026-05-09.20:35:24.0691 [DSM:4] Currently Processing record: 174
2026-05-09.20:35:24.0699 [DSM:4] Currently Processing record: 175
2026-05-09.20:35:24.0702 [DSM:4] Currently Processing record: 176
2026-05-09.20:35:24.0708 [DSM:4] Currently Processing record: 177
2026-05-09.20:35:24.0712 [DSM:4] Currently Processing record: 178
2026-05-09.20:35:24.0716 [DSM:4] Currently Processing record: 179
2026-05-09.20:35:24.0724 [DSM:4] Currently Processing record: 180
2026-05-09.20:35:24.0727 [DSM:4] Currently Processing record: 181
2026-05-09.20:35:24.0731 [DSM:4] Currently Processing record: 182
2026-05-09.20:35:24.0739 [DSM:4] Currently Processing record: 183
2026-05-09.20:35:24.0744 [DSM:4] Currently Processing record: 184
2026-05-09.20:35:24.0747 [DSM:4] Currently Processing record: 185
2026-05-09.20:35:24.0750 [DSM:4] Currently Processing record: 186
2026-05-09.20:35:24.0757 [DSM:4] Currently Processing record: 187
2026-05-09.20:35:24.0761 [DSM:4] Currently Processing record: 188
2026-05-09.20:35:24.0765 [DSM:4] Currently Processing record: 189
2026-05-09.20:35:24.0768 [DSM:4] Currently Processing record: 190
2026-05-09.20:35:24.0771 [DSM:4] Currently Processing record: 191
2026-05-09.20:35:24.0775 [DSM:4] Currently Processing record: 192
2026-05-09.20:35:24.0778 [DSM:4] Currently Processing record: 193
2026-05-09.20:35:24.0781 [DSM:4] Currently Processing record: 194
2026-05-09.20:35:24.0789 [DSM:4] Currently Processing record: 195
2026-05-09.20:35:24.0795 [DSM:4] Currently Processing record: 196
2026-05-09.20:35:24.0798 [DSM:4] Currently Processing record: 197
2026-05-09.20:35:24.0801 [DSM:4] Currently Processing record: 198
2026-05-09.20:35:24.0809 [DSM:4] Currently Processing record: 199
2026-05-09.20:35:24.0810 [DSM:4] Date of Birth Changed from 01/01/2000 00:00:00 to 01/01/0001 00:00:00 for Reg No.: KO273434
2026-05-09.20:35:24.0810 [DSM:4] Date of Birth Changed from 01/01/2000 00:00:00 to NULL for Reg No.: KO273434
2026-05-09.20:35:24.0812 [DSM:4] Currently Processing record: 200
2026-05-09.20:35:24.0818 [DSM:4] Currently Processing record: 201
2026-05-09.20:35:24.0821 [DSM:4] Currently Processing record: 202
2026-05-09.20:35:24.0825 [DSM:4] Currently Processing record: 203
2026-05-09.20:35:24.0828 [DSM:4] Currently Processing record: 204
2026-05-09.20:35:24.0841 [DSM:4] Currently Processing record: 205
2026-05-09.20:35:24.0884 [DSM:4] Currently Processing record: 206
2026-05-09.20:35:24.0888 [DSM:4] Currently Processing record: 207
2026-05-09.20:35:24.0893 [DSM:4] Currently Processing record: 208
2026-05-09.20:35:24.0902 [DSM:4] Currently Processing record: 209
2026-05-09.20:35:24.0909 [DSM:4] Currently Processing record: 210
2026-05-09.20:35:24.0918 [DSM:4] Currently Processing record: 211
2026-05-09.20:35:24.0926 [DSM:4] Currently Processing record: 212
2026-05-09.20:35:24.0933 [DSM:4] Currently Processing record: 213
2026-05-09.20:35:24.0938 [DSM:4] Currently Processing record: 214
2026-05-09.20:35:24.0942 [DSM:4] Currently Processing record: 215
2026-05-09.20:35:24.0946 [DSM:4] Currently Processing record: 216
2026-05-09.20:35:24.0949 [DSM:4] Currently Processing record: 217
2026-05-09.20:35:24.0951 [DSM:4] Currently Processing record: 218
2026-05-09.20:35:24.0955 [DSM:4] Currently Processing record: 219
2026-05-09.20:35:24.0960 [DSM:4] Currently Processing record: 220
2026-05-09.20:35:24.0963 [DSM:4] Currently Processing record: 221
2026-05-09.20:35:24.0967 [DSM:4] Currently Processing record: 222
2026-05-09.20:35:24.0972 [DSM:4] Currently Processing record: 223
2026-05-09.20:35:24.0979 [DSM:4] Currently Processing record: 224
2026-05-09.20:35:24.0982 [DSM:4] Currently Processing record: 225
2026-05-09.20:35:24.0989 [DSM:4] Currently Processing record: 226
2026-05-09.20:35:24.0995 [DSM:4] Currently Processing record: 227
2026-05-09.20:35:25.0003 [DSM:4] Currently Processing record: 228
2026-05-09.20:35:25.0011 [DSM:4] Currently Processing record: 229
2026-05-09.20:35:25.0019 [DSM:4] Currently Processing record: 230
2026-05-09.20:35:25.0027 [DSM:4] Currently Processing record: 231
2026-05-09.20:35:25.0034 [DSM:4] Currently Processing record: 232
2026-05-09.20:35:25.0041 [DSM:4] Currently Processing record: 233
2026-05-09.20:35:25.0051 [DSM:4] Currently Processing record: 234
2026-05-09.20:35:25.0060 [DSM:4] Currently Processing record: 235
2026-05-09.20:35:25.0067 [DSM:4] Currently Processing record: 236
2026-05-09.20:35:25.0071 [DSM:4] Currently Processing record: 237
2026-05-09.20:35:25.0077 [DSM:4] Currently Processing record: 238
2026-05-09.20:35:25.0086 [DSM:4] Currently Processing record: 239
2026-05-09.20:35:25.0094 [DSM:4] Currently Processing record: 240
2026-05-09.20:35:25.0103 [DSM:4] Currently Processing record: 241
2026-05-09.20:35:25.0111 [DSM:4] Currently Processing record: 242
2026-05-09.20:35:25.0120 [DSM:4] Currently Processing record: 243
2026-05-09.20:35:25.0125 [DSM:4] Currently Processing record: 244
2026-05-09.20:35:25.0133 [DSM:4] Currently Processing record: 245
2026-05-09.20:35:25.0141 [DSM:4] Currently Processing record: 246
2026-05-09.20:35:25.0145 [DSM:4] Currently Processing record: 247
2026-05-09.20:35:25.0153 [DSM:4] Currently Processing record: 248
2026-05-09.20:35:25.0160 [DSM:4] Currently Processing record: 249
2026-05-09.20:35:25.0168 [DSM:4] Currently Processing record: 250
2026-05-09.20:35:25.0171 [DSM:4] Currently Processing record: 251
2026-05-09.20:35:25.0176 [DSM:4] Currently Processing record: 252
2026-05-09.20:35:25.0184 [DSM:4] Currently Processing record: 253
2026-05-09.20:35:25.0191 [DSM:4] Currently Processing record: 254
2026-05-09.20:35:25.0195 [DSM:4] Currently Processing record: 255
2026-05-09.20:35:25.0200 [DSM:4] Currently Processing record: 256
2026-05-09.20:35:25.0205 [DSM:4] Currently Processing record: 257
2026-05-09.20:35:25.0212 [DSM:4] Currently Processing record: 258
2026-05-09.20:35:25.0223 [DSM:4] Currently Processing record: 259
2026-05-09.20:35:25.0230 [DSM:4] Currently Processing record: 260
2026-05-09.20:35:25.0234 [DSM:4] Currently Processing record: 261
2026-05-09.20:35:25.0238 [DSM:4] Currently Processing record: 262
2026-05-09.20:35:25.0247 [DSM:4] Currently Processing record: 263
2026-05-09.20:35:25.0251 [DSM:4] Currently Processing record: 264
2026-05-09.20:35:25.0254 [DSM:4] Currently Processing record: 265
2026-05-09.20:35:25.0259 [DSM:4] Currently Processing record: 266
2026-05-09.20:35:25.0267 [DSM:4] Currently Processing record: 267
2026-05-09.20:35:25.0271 [DSM:4] Currently Processing record: 268
2026-05-09.20:35:25.0276 [DSM:4] Currently Processing record: 269
2026-05-09.20:35:25.0283 [DSM:4] Currently Processing record: 270
2026-05-09.20:35:25.0290 [DSM:4] Currently Processing record: 271
2026-05-09.20:35:25.0296 [DSM:4] Currently Processing record: 272
2026-05-09.20:35:25.0304 [DSM:4] Currently Processing record: 273
2026-05-09.20:35:25.0312 [DSM:4] Currently Processing record: 274
2026-05-09.20:35:25.0320 [DSM:4] Currently Processing record: 275
2026-05-09.20:35:25.0326 [DSM:4] Currently Processing record: 276
2026-05-09.20:35:25.0333 [DSM:4] Currently Processing record: 277
2026-05-09.20:35:25.0342 [DSM:4] Currently Processing record: 278
2026-05-09.20:35:25.0350 [DSM:4] Currently Processing record: 279
2026-05-09.20:35:25.0361 [DSM:4] Currently Processing record: 280
2026-05-09.20:35:25.0368 [DSM:4] Currently Processing record: 281
2026-05-09.20:35:25.0375 [DSM:4] Currently Processing record: 282
2026-05-09.20:35:25.0379 [DSM:4] Currently Processing record: 283
2026-05-09.20:35:25.0382 [DSM:4] Currently Processing record: 284
2026-05-09.20:35:25.0387 [DSM:4] Currently Processing record: 285
2026-05-09.20:35:25.0395 [DSM:4] Currently Processing record: 286
2026-05-09.20:35:25.0406 [DSM:4] Currently Processing record: 287
2026-05-09.20:35:25.0414 [DSM:4] Currently Processing record: 288
2026-05-09.20:35:25.0422 [DSM:4] Currently Processing record: 289
2026-05-09.20:35:25.0427 [DSM:4] Currently Processing record: 290
2026-05-09.20:35:25.0430 [DSM:4] Currently Processing record: 291
2026-05-09.20:35:25.0438 [DSM:4] Currently Processing record: 292
2026-05-09.20:35:25.0452 [DSM:4] Currently Processing record: 293
2026-05-09.20:35:25.0463 [DSM:4] Currently Processing record: 294
2026-05-09.20:35:25.0470 [DSM:4] Currently Processing record: 295
2026-05-09.20:35:25.0477 [DSM:4] Currently Processing record: 296
2026-05-09.20:35:25.0481 [DSM:4] Currently Processing record: 297
2026-05-09.20:35:25.0486 [DSM:4] Currently Processing record: 298
2026-05-09.20:35:25.0494 [DSM:4] Currently Processing record: 299
2026-05-09.20:35:25.0499 [DSM:4] Currently Processing record: 300
2026-05-09.20:35:25.0502 [DSM:4] Currently Processing record: 301
2026-05-09.20:35:25.0512 [DSM:4] Currently Processing record: 302
2026-05-09.20:35:25.0520 [DSM:4] Currently Processing record: 303
2026-05-09.20:35:25.0544 [DSM:4] Currently Processing record: 304
2026-05-09.20:35:25.0553 [DSM:4] Currently Processing record: 305
2026-05-09.20:35:25.0562 [DSM:4] Currently Processing record: 306
2026-05-09.20:35:25.0567 [DSM:4] Currently Processing record: 307
2026-05-09.20:35:25.0578 [DSM:4] Currently Processing record: 308
2026-05-09.20:35:25.0586 [DSM:4] Currently Processing record: 309
2026-05-09.20:35:25.0600 [DSM:4] Currently Processing record: 310
2026-05-09.20:35:25.0611 [DSM:4] Currently Processing record: 311
2026-05-09.20:35:25.0618 [DSM:4] Currently Processing record: 312
2026-05-09.20:35:25.0626 [DSM:4] Currently Processing record: 313
2026-05-09.20:35:25.0634 [DSM:4] Currently Processing record: 314
2026-05-09.20:35:25.0640 [DSM:4] Currently Processing record: 315
2026-05-09.20:35:25.0645 [DSM:4] Currently Processing record: 316
2026-05-09.20:35:25.0648 [DSM:4] Currently Processing record: 317
2026-05-09.20:35:25.0655 [DSM:4] Currently Processing record: 318
2026-05-09.20:35:25.0663 [DSM:4] Currently Processing record: 319
2026-05-09.20:35:25.0669 [DSM:4] Currently Processing record: 320
2026-05-09.20:35:25.0676 [DSM:4] Currently Processing record: 321
2026-05-09.20:35:25.0686 [DSM:4] Currently Processing record: 322
2026-05-09.20:35:25.0692 [DSM:4] Currently Processing record: 323
2026-05-09.20:35:25.0701 [DSM:4] Currently Processing record: 324
2026-05-09.20:35:25.0709 [DSM:4] Currently Processing record: 325
2026-05-09.20:35:25.0720 [DSM:4] Currently Processing record: 326
2026-05-09.20:35:25.0726 [DSM:4] Currently Processing record: 327
2026-05-09.20:35:25.0732 [DSM:4] Currently Processing record: 328
2026-05-09.20:35:25.0739 [DSM:4] Currently Processing record: 329
2026-05-09.20:35:25.0745 [DSM:4] Currently Processing record: 330
2026-05-09.20:35:25.0752 [DSM:4] Currently Processing record: 331
2026-05-09.20:35:25.0760 [DSM:4] Currently Processing record: 332
2026-05-09.20:35:25.0768 [DSM:4] Currently Processing record: 333
2026-05-09.20:35:25.0777 [DSM:4] Currently Processing record: 334
2026-05-09.20:35:25.0784 [DSM:4] Currently Processing record: 335
2026-05-09.20:35:25.0788 [DSM:4] Currently Processing record: 336
2026-05-09.20:35:25.0795 [DSM:4] Currently Processing record: 337
2026-05-09.20:35:25.0802 [DSM:4] Currently Processing record: 338
2026-05-09.20:35:25.0811 [DSM:4] Currently Processing record: 339
2026-05-09.20:35:25.0818 [DSM:4] Currently Processing record: 340
2026-05-09.20:35:25.0821 [DSM:4] Currently Processing record: 341
2026-05-09.20:35:25.0829 [DSM:4] Currently Processing record: 342
2026-05-09.20:35:25.0836 [DSM:4] Currently Processing record: 343
2026-05-09.20:35:25.0845 [DSM:4] Currently Processing record: 344
2026-05-09.20:35:25.0848 [DSM:4] Currently Processing record: 345
2026-05-09.20:35:25.0852 [DSM:4] Currently Processing record: 346
2026-05-09.20:35:25.0861 [DSM:4] Currently Processing record: 347
2026-05-09.20:35:25.0866 [DSM:4] Currently Processing record: 348
2026-05-09.20:35:25.0869 [DSM:4] Currently Processing record: 349
2026-05-09.20:35:25.0876 [DSM:4] Currently Processing record: 350
2026-05-09.20:35:25.0882 [DSM:4] Currently Processing record: 351
2026-05-09.20:35:25.0889 [DSM:4] Currently Processing record: 352
2026-05-09.20:35:25.0894 [DSM:4] Currently Processing record: 353
2026-05-09.20:35:25.0904 [DSM:4] Currently Processing record: 354
2026-05-09.20:35:25.0909 [DSM:4] Currently Processing record: 355
2026-05-09.20:35:25.0913 [DSM:4] Currently Processing record: 356
2026-05-09.20:35:25.0920 [DSM:4] Currently Processing record: 357
2026-05-09.20:35:25.0924 [DSM:4] Currently Processing record: 358
2026-05-09.20:35:25.0929 [DSM:4] Currently Processing record: 359
2026-05-09.20:35:25.0935 [DSM:4] Currently Processing record: 360
2026-05-09.20:35:25.0944 [DSM:4] Currently Processing record: 361
2026-05-09.20:35:25.0951 [DSM:4] Currently Processing record: 362
2026-05-09.20:35:25.0959 [DSM:4] Currently Processing record: 363
2026-05-09.20:35:25.0966 [DSM:4] Currently Processing record: 364
2026-05-09.20:35:25.0974 [DSM:4] Currently Processing record: 365
2026-05-09.20:35:25.0980 [DSM:4] Currently Processing record: 366
2026-05-09.20:35:25.0987 [DSM:4] Currently Processing record: 367
2026-05-09.20:35:25.0995 [DSM:4] Currently Processing record: 368
2026-05-09.20:35:26.0002 [DSM:4] Currently Processing record: 369
2026-05-09.20:35:26.0009 [DSM:4] Currently Processing record: 370
2026-05-09.20:35:26.0015 [DSM:4] Currently Processing record: 371
2026-05-09.20:35:26.0023 [DSM:4] Currently Processing record: 372
2026-05-09.20:35:26.0027 [DSM:4] Currently Processing record: 373
2026-05-09.20:35:26.0036 [DSM:4] Currently Processing record: 374
2026-05-09.20:35:26.0044 [DSM:4] Currently Processing record: 375
2026-05-09.20:35:26.0052 [DSM:4] Currently Processing record: 376
2026-05-09.20:35:26.0059 [DSM:4] Currently Processing record: 377
2026-05-09.20:35:26.0067 [DSM:4] Currently Processing record: 378
2026-05-09.20:35:26.0070 [DSM:4] Currently Processing record: 379
2026-05-09.20:35:26.0079 [DSM:4] Currently Processing record: 380
2026-05-09.20:35:26.0086 [DSM:4] Currently Processing record: 381
2026-05-09.20:35:26.0095 [DSM:4] Currently Processing record: 382
2026-05-09.20:35:26.0103 [DSM:4] Currently Processing record: 383
2026-05-09.20:35:26.0107 [DSM:4] Currently Processing record: 384
2026-05-09.20:35:26.0110 [DSM:4] Currently Processing record: 385
2026-05-09.20:35:26.0113 [DSM:4] Currently Processing record: 386
2026-05-09.20:35:26.0120 [DSM:4] Currently Processing record: 387
2026-05-09.20:35:26.0129 [DSM:4] Currently Processing record: 388
2026-05-09.20:35:26.0135 [DSM:4] Currently Processing record: 389
2026-05-09.20:35:26.0143 [DSM:4] Currently Processing record: 390
2026-05-09.20:35:26.0151 [DSM:4] Currently Processing record: 391
2026-05-09.20:35:26.0159 [DSM:4] Currently Processing record: 392
2026-05-09.20:35:26.0163 [DSM:4] Currently Processing record: 393
2026-05-09.20:35:26.0169 [DSM:4] Currently Processing record: 394
2026-05-09.20:35:26.0177 [DSM:4] Currently Processing record: 395
2026-05-09.20:35:26.0184 [DSM:4] Currently Processing record: 396
2026-05-09.20:35:26.0190 [DSM:4] Currently Processing record: 397
2026-05-09.20:35:26.0198 [DSM:4] Currently Processing record: 398
2026-05-09.20:35:26.0206 [DSM:4] Currently Processing record: 399
2026-05-09.20:35:26.0209 [DSM:4] Currently Processing record: 400
2026-05-09.20:35:26.0214 [DSM:4] Currently Processing record: 401
2026-05-09.20:35:26.0222 [DSM:4] Currently Processing record: 402
2026-05-09.20:35:26.0226 [DSM:4] Currently Processing record: 403
2026-05-09.20:35:26.0232 [DSM:4] Currently Processing record: 404
2026-05-09.20:35:26.0235 [DSM:4] Currently Processing record: 405
2026-05-09.20:35:26.0239 [DSM:4] Currently Processing record: 406
2026-05-09.20:35:26.0245 [DSM:4] Currently Processing record: 407
2026-05-09.20:35:26.0254 [DSM:4] Currently Processing record: 408
2026-05-09.20:35:26.0262 [DSM:4] Currently Processing record: 409
2026-05-09.20:35:26.0265 [DSM:4] Currently Processing record: 410
2026-05-09.20:35:26.0270 [DSM:4] Currently Processing record: 411
2026-05-09.20:35:26.0273 [DSM:4] Currently Processing record: 412
2026-05-09.20:35:26.0278 [DSM:4] Currently Processing record: 413
2026-05-09.20:35:26.0285 [DSM:4] Currently Processing record: 414
2026-05-09.20:35:26.0295 [DSM:4] Currently Processing record: 415
2026-05-09.20:35:26.0299 [DSM:4] Currently Processing record: 416
2026-05-09.20:35:26.0303 [DSM:4] Currently Processing record: 417
2026-05-09.20:35:26.0309 [DSM:4] Currently Processing record: 418
2026-05-09.20:35:26.0313 [DSM:4] Currently Processing record: 419
2026-05-09.20:35:26.0322 [DSM:4] Currently Processing record: 420
2026-05-09.20:35:26.0329 [DSM:4] Currently Processing record: 421
2026-05-09.20:35:26.0336 [DSM:4] Currently Processing record: 422
2026-05-09.20:35:26.0342 [DSM:4] Currently Processing record: 423
2026-05-09.20:35:26.0345 [DSM:4] Currently Processing record: 424
2026-05-09.20:35:26.0352 [DSM:4] Currently Processing record: 425
2026-05-09.20:35:26.0355 [DSM:4] Currently Processing record: 426
2026-05-09.20:35:26.0360 [DSM:4] Currently Processing record: 427
2026-05-09.20:35:26.0363 [DSM:4] Currently Processing record: 428
2026-05-09.20:35:26.0368 [DSM:4] Currently Processing record: 429
2026-05-09.20:35:26.0369 [DSM:4] Date of Birth Changed from 01/01/2000 00:00:00 to 01/01/0001 00:00:00 for Reg No.: K0270829
2026-05-09.20:35:26.0369 [DSM:4] Date of Birth Changed from 01/01/2000 00:00:00 to NULL for Reg No.: K0270829
2026-05-09.20:35:26.0372 [DSM:4] Currently Processing record: 430
2026-05-09.20:35:26.0375 [DSM:4] Date of Birth Changed from 01/01/2000 00:00:00 to 01/01/0001 00:00:00 for Reg No.: K0270829
2026-05-09.20:35:26.0376 [DSM:4] Date of Birth Changed from 01/01/2000 00:00:00 to NULL for Reg No.: K0270829
2026-05-09.20:35:26.0378 [DSM:4] Currently Processing record: 431
2026-05-09.20:35:26.0379 [DSM:4] Date of Birth Changed from 01/01/2000 00:00:00 to 01/01/0001 00:00:00 for Reg No.: K0270829
2026-05-09.20:35:26.0379 [DSM:4] Date of Birth Changed from 01/01/2000 00:00:00 to NULL for Reg No.: K0270829
2026-05-09.20:35:26.0383 [DSM:4] Currently Processing record: 432
2026-05-09.20:35:26.0389 [DSM:4] Currently Processing record: 433
2026-05-09.20:35:26.0393 [DSM:4] Currently Processing record: 434
2026-05-09.20:35:26.0396 [DSM:4] Currently Processing record: 435
2026-05-09.20:35:26.0401 [DSM:4] Currently Processing record: 436
2026-05-09.20:35:26.0406 [DSM:4] Currently Processing record: 437
2026-05-09.20:35:26.0411 [DSM:4] Currently Processing record: 438
2026-05-09.20:35:26.0415 [DSM:4] Currently Processing record: 439
2026-05-09.20:35:26.0418 [DSM:4] Currently Processing record: 440
2026-05-09.20:35:26.0422 [DSM:4] Currently Processing record: 441
2026-05-09.20:35:26.0426 [DSM:4] Currently Processing record: 442
2026-05-09.20:35:26.0435 [DSM:4] Currently Processing record: 443
2026-05-09.20:35:26.0441 [DSM:4] Currently Processing record: 444
2026-05-09.20:35:26.0445 [DSM:4] Currently Processing record: 445
2026-05-09.20:35:26.0448 [DSM:4] Currently Processing record: 446
2026-05-09.20:35:26.0451 [DSM:4] Currently Processing record: 447
2026-05-09.20:35:26.0454 [DSM:4] Currently Processing record: 448
2026-05-09.20:35:26.0458 [DSM:4] Currently Processing record: 449
2026-05-09.20:35:26.0461 [DSM:4] Currently Processing record: 450
2026-05-09.20:35:26.0464 [DSM:4] Currently Processing record: 451
2026-05-09.20:35:26.0469 [DSM:4] Currently Processing record: 452
2026-05-09.20:35:26.0472 [DSM:4] Currently Processing record: 453
2026-05-09.20:35:26.0477 [DSM:4] Currently Processing record: 454
2026-05-09.20:35:26.0480 [DSM:4] Currently Processing record: 455
2026-05-09.20:35:26.0484 [DSM:4] Currently Processing record: 456
2026-05-09.20:35:26.0487 [DSM:4] Currently Processing record: 457
2026-05-09.20:35:26.0491 [DSM:4] Currently Processing record: 458
2026-05-09.20:35:26.0495 [DSM:4] Currently Processing record: 459
2026-05-09.20:35:26.0498 [DSM:4] Currently Processing record: 460
2026-05-09.20:35:26.0501 [DSM:4] Currently Processing record: 461
2026-05-09.20:35:26.0504 [DSM:4] Currently Processing record: 462
2026-05-09.20:35:26.0510 [DSM:4] Currently Processing record: 463
2026-05-09.20:35:26.0513 [DSM:4] Currently Processing record: 464
2026-05-09.20:35:26.0516 [DSM:4] Currently Processing record: 465
2026-05-09.20:35:26.0522 [DSM:4] Currently Processing record: 466
2026-05-09.20:35:26.0529 [DSM:4] Currently Processing record: 467
2026-05-09.20:35:26.0536 [DSM:4] Currently Processing record: 468
2026-05-09.20:35:26.0542 [DSM:4] Currently Processing record: 469
2026-05-09.20:35:26.0545 [DSM:4] Currently Processing record: 470
2026-05-09.20:35:26.0548 [DSM:4] Currently Processing record: 471
2026-05-09.20:35:26.0553 [DSM:4] Currently Processing record: 472
2026-05-09.20:35:26.0557 [DSM:4] Currently Processing record: 473
2026-05-09.20:35:26.0564 [DSM:4] Currently Processing record: 474
2026-05-09.20:35:26.0577 [DSM:4] Currently Processing record: 475
2026-05-09.20:35:26.0580 [DSM:4] Currently Processing record: 476
2026-05-09.20:35:26.0585 [DSM:4] Currently Processing record: 477
2026-05-09.20:35:26.0589 [DSM:4] Currently Processing record: 478
2026-05-09.20:35:26.0593 [DSM:4] Currently Processing record: 479
2026-05-09.20:35:26.0604 [DSM:4] Currently Processing record: 480
2026-05-09.20:35:26.0610 [DSM:4] Currently Processing record: 481
2026-05-09.20:35:26.0614 [DSM:4] Currently Processing record: 482
2026-05-09.20:35:26.0619 [DSM:4] Currently Processing record: 483
2026-05-09.20:35:26.0623 [DSM:4] Currently Processing record: 484
2026-05-09.20:35:26.0627 [DSM:4] Currently Processing record: 485
2026-05-09.20:35:26.0633 [DSM:4] Currently Processing record: 486
2026-05-09.20:35:26.0637 [DSM:4] Currently Processing record: 487
2026-05-09.20:35:26.0641 [DSM:4] Currently Processing record: 488
2026-05-09.20:35:26.0647 [DSM:4] Currently Processing record: 489
2026-05-09.20:35:26.0651 [DSM:4] Currently Processing record: 490
2026-05-09.20:35:26.0655 [DSM:4] Currently Processing record: 491
2026-05-09.20:35:26.0659 [DSM:4] Currently Processing record: 492
2026-05-09.20:35:26.0663 [DSM:4] Currently Processing record: 493
2026-05-09.20:35:26.0666 [DSM:4] Currently Processing record: 494
2026-05-09.20:35:26.0669 [DSM:4] Currently Processing record: 495
2026-05-09.20:35:26.0671 [DSM:4] Currently Processing record: 496
2026-05-09.20:35:26.0677 [DSM:4] Currently Processing record: 497
2026-05-09.20:35:26.0679 [DSM:4] Currently Processing record: 498
2026-05-09.20:35:26.0682 [DSM:4] Currently Processing record: 499
2026-05-09.20:35:26.0686 [DSM:4] Currently Processing record: 500
2026-05-09.20:35:26.0688 [DSM:4] Currently Processing record: 501
2026-05-09.20:35:26.0695 [DSM:4] Currently Processing record: 502
2026-05-09.20:35:26.0698 [DSM:4] Currently Processing record: 503
2026-05-09.20:35:26.0702 [DSM:4] Currently Processing record: 504
2026-05-09.20:35:26.0707 [DSM:4] Currently Processing record: 505
2026-05-09.20:35:26.0715 [DSM:4] Currently Processing record: 506
2026-05-09.20:35:26.0718 [DSM:4] Currently Processing record: 507
2026-05-09.20:35:26.0724 [DSM:4] Currently Processing record: 508
2026-05-09.20:35:26.0732 [DSM:4] Currently Processing record: 509
2026-05-09.20:35:26.0736 [DSM:4] Currently Processing record: 510
2026-05-09.20:35:26.0745 [DSM:4] Currently Processing record: 511
2026-05-09.20:35:26.0748 [DSM:4] Currently Processing record: 512
2026-05-09.20:35:26.0752 [DSM:4] Currently Processing record: 513
2026-05-09.20:35:26.0761 [DSM:4] Currently Processing record: 514
2026-05-09.20:35:26.0764 [DSM:4] Currently Processing record: 515
2026-05-09.20:35:26.0769 [DSM:4] Currently Processing record: 516
2026-05-09.20:35:26.0773 [DSM:4] Currently Processing record: 517
2026-05-09.20:35:26.0777 [DSM:4] Currently Processing record: 518
2026-05-09.20:35:26.0786 [DSM:4] Currently Processing record: 519
2026-05-09.20:35:26.0795 [DSM:4] Currently Processing record: 520
2026-05-09.20:35:26.0799 [DSM:4] Currently Processing record: 521
2026-05-09.20:35:26.0806 [DSM:4] Currently Processing record: 522
2026-05-09.20:35:26.0812 [DSM:4] Currently Processing record: 523
2026-05-09.20:35:26.0817 [DSM:4] Currently Processing record: 524
2026-05-09.20:35:26.0825 [DSM:4] Currently Processing record: 525
2026-05-09.20:35:26.0828 [DSM:4] Currently Processing record: 526
2026-05-09.20:35:26.0837 [DSM:4] Currently Processing record: 527
2026-05-09.20:35:26.0845 [DSM:4] Currently Processing record: 528
2026-05-09.20:35:26.0852 [DSM:4] Currently Processing record: 529
2026-05-09.20:35:26.0864 [DSM:4] Currently Processing record: 530
2026-05-09.20:35:26.0870 [DSM:4] Currently Processing record: 531
2026-05-09.20:35:26.0876 [DSM:4] Currently Processing record: 532
2026-05-09.20:35:26.0884 [DSM:4] Currently Processing record: 533
2026-05-09.20:35:26.0891 [DSM:4] Currently Processing record: 534
2026-05-09.20:35:26.0900 [DSM:4] Currently Processing record: 535
2026-05-09.20:35:26.0905 [DSM:4] Currently Processing record: 536
2026-05-09.20:35:26.0915 [DSM:4] Currently Processing record: 537
2026-05-09.20:35:26.0919 [DSM:4] Currently Processing record: 538
2026-05-09.20:35:26.0927 [DSM:4] Currently Processing record: 539
2026-05-09.20:35:26.0931 [DSM:4] Currently Processing record: 540
2026-05-09.20:35:26.0939 [DSM:4] Currently Processing record: 541
2026-05-09.20:35:26.0944 [DSM:4] Currently Processing record: 542
2026-05-09.20:35:26.0947 [DSM:4] Currently Processing record: 543
2026-05-09.20:35:26.0955 [DSM:4] Currently Processing record: 544
2026-05-09.20:35:26.0959 [DSM:4] Currently Processing record: 545
2026-05-09.20:35:26.0968 [DSM:4] Currently Processing record: 546
2026-05-09.20:35:26.0983 [DSM:4] Currently Processing record: 547
2026-05-09.20:35:26.0992 [DSM:4] Currently Processing record: 548
2026-05-09.20:35:27.0000 [DSM:4] Currently Processing record: 549
2026-05-09.20:35:27.0005 [DSM:4] Currently Processing record: 550
2026-05-09.20:35:27.0009 [DSM:4] Currently Processing record: 551
2026-05-09.20:35:27.0014 [DSM:4] Currently Processing record: 552
2026-05-09.20:35:27.0018 [DSM:4] Currently Processing record: 553
2026-05-09.20:35:27.0026 [DSM:4] Currently Processing record: 554
2026-05-09.20:35:27.0036 [DSM:4] Currently Processing record: 555
2026-05-09.20:35:27.0041 [DSM:4] Currently Processing record: 556
2026-05-09.20:35:27.0049 [DSM:4] Currently Processing record: 557
2026-05-09.20:35:27.0058 [DSM:4] Currently Processing record: 558
2026-05-09.20:35:27.0061 [DSM:4] Currently Processing record: 559
2026-05-09.20:35:27.0067 [DSM:4] Currently Processing record: 560
2026-05-09.20:35:27.0076 [DSM:4] Currently Processing record: 561
2026-05-09.20:35:27.0082 [DSM:4] Currently Processing record: 562
2026-05-09.20:35:27.0088 [DSM:4] Currently Processing record: 563
2026-05-09.20:35:27.0092 [DSM:4] Currently Processing record: 564
2026-05-09.20:35:27.0098 [DSM:4] Currently Processing record: 565
2026-05-09.20:35:27.0107 [DSM:4] Currently Processing record: 566
2026-05-09.20:35:27.0118 [DSM:4] Currently Processing record: 567
2026-05-09.20:35:27.0128 [DSM:4] Currently Processing record: 568
2026-05-09.20:35:27.0134 [DSM:4] Currently Processing record: 569
2026-05-09.20:35:27.0142 [DSM:4] Currently Processing record: 570
2026-05-09.20:35:27.0150 [DSM:4] Currently Processing record: 571
2026-05-09.20:35:27.0159 [DSM:4] Currently Processing record: 572
2026-05-09.20:35:27.0163 [DSM:4] Currently Processing record: 573
2026-05-09.20:35:27.0173 [DSM:4] Currently Processing record: 574
2026-05-09.20:35:27.0181 [DSM:4] Currently Processing record: 575
2026-05-09.20:35:27.0188 [DSM:4] Currently Processing record: 576
2026-05-09.20:35:27.0195 [DSM:4] Currently Processing record: 577
2026-05-09.20:35:27.0205 [DSM:4] Currently Processing record: 578
2026-05-09.20:35:27.0211 [DSM:4] Currently Processing record: 579
2026-05-09.20:35:27.0215 [DSM:4] Currently Processing record: 580
2026-05-09.20:35:27.0219 [DSM:4] Currently Processing record: 581
2026-05-09.20:35:27.0224 [DSM:4] Currently Processing record: 582
2026-05-09.20:35:27.0230 [DSM:4] Currently Processing record: 583
2026-05-09.20:35:27.0236 [DSM:4] Currently Processing record: 584
2026-05-09.20:35:27.0240 [DSM:4] Currently Processing record: 585
2026-05-09.20:35:27.0245 [DSM:4] Currently Processing record: 586
2026-05-09.20:35:27.0253 [DSM:4] Currently Processing record: 587
2026-05-09.20:35:27.0263 [DSM:4] Currently Processing record: 588
2026-05-09.20:35:27.0265 [DSM:4] Date of Birth Changed from 01/01/2000 00:00:00 to 01/01/0001 00:00:00 for Reg No.: K0265570
2026-05-09.20:35:27.0265 [DSM:4] Date of Birth Changed from 01/01/2000 00:00:00 to NULL for Reg No.: K0265570
2026-05-09.20:35:27.0268 [DSM:4] Currently Processing record: 589
2026-05-09.20:35:27.0270 [DSM:4] Date of Birth Changed from 01/01/2000 00:00:00 to 01/01/0001 00:00:00 for Reg No.: K0265570
2026-05-09.20:35:27.0270 [DSM:4] Date of Birth Changed from 01/01/2000 00:00:00 to NULL for Reg No.: K0265570
2026-05-09.20:35:27.0277 [DSM:4] Currently Processing record: 590
2026-05-09.20:35:27.0278 [DSM:4] Date of Birth Changed from 01/01/2000 00:00:00 to 01/01/0001 00:00:00 for Reg No.: K0265570
2026-05-09.20:35:27.0280 [DSM:4] Date of Birth Changed from 01/01/2000 00:00:00 to NULL for Reg No.: K0265570
2026-05-09.20:35:27.0286 [DSM:4] Currently Processing record: 591
2026-05-09.20:35:27.0292 [DSM:4] Currently Processing record: 592
2026-05-09.20:35:27.0296 [DSM:4] Currently Processing record: 593
2026-05-09.20:35:27.0305 [DSM:4] Currently Processing record: 594
2026-05-09.20:35:27.0314 [DSM:4] Currently Processing record: 595
2026-05-09.20:35:27.0318 [DSM:4] Currently Processing record: 596
2026-05-09.20:35:27.0323 [DSM:4] Currently Processing record: 597
2026-05-09.20:35:27.0332 [DSM:4] Currently Processing record: 598
2026-05-09.20:35:27.0336 [DSM:4] Currently Processing record: 599
2026-05-09.20:35:27.0341 [DSM:4] Currently Processing record: 600
2026-05-09.20:35:27.0349 [DSM:4] Currently Processing record: 601
2026-05-09.20:35:27.0353 [DSM:4] Currently Processing record: 602
2026-05-09.20:35:27.0357 [DSM:4] Currently Processing record: 603
2026-05-09.20:35:27.0366 [DSM:4] Currently Processing record: 604
2026-05-09.20:35:27.0377 [DSM:4] Currently Processing record: 605
2026-05-09.20:35:27.0386 [DSM:4] Currently Processing record: 606
2026-05-09.20:35:27.0392 [DSM:4] Currently Processing record: 607
2026-05-09.20:35:27.0396 [DSM:4] Currently Processing record: 608
2026-05-09.20:35:27.0399 [DSM:4] Currently Processing record: 609
2026-05-09.20:35:27.0403 [DSM:4] Currently Processing record: 610
2026-05-09.20:35:27.0417 [DSM:4] Currently Processing record: 611
2026-05-09.20:35:27.0433 [DSM:4] Currently Processing record: 612
2026-05-09.20:35:27.0442 [DSM:4] Currently Processing record: 613
2026-05-09.20:35:27.0450 [DSM:4] Currently Processing record: 614
2026-05-09.20:35:27.0456 [DSM:4] Currently Processing record: 615
2026-05-09.20:35:27.0461 [DSM:4] Currently Processing record: 616
2026-05-09.20:35:27.0467 [DSM:4] Currently Processing record: 617
2026-05-09.20:35:27.0471 [DSM:4] Currently Processing record: 618
2026-05-09.20:35:27.0476 [DSM:4] Currently Processing record: 619
2026-05-09.20:35:27.0482 [DSM:4] Currently Processing record: 620
2026-05-09.20:35:27.0488 [DSM:4] Currently Processing record: 621
2026-05-09.20:35:27.0496 [DSM:4] Currently Processing record: 622
2026-05-09.20:35:27.0501 [DSM:4] Currently Processing record: 623
2026-05-09.20:35:27.0509 [DSM:4] Currently Processing record: 624
2026-05-09.20:35:27.0516 [DSM:4] Currently Processing record: 625
2026-05-09.20:35:27.0523 [DSM:4] Currently Processing record: 626
2026-05-09.20:35:27.0534 [DSM:4] Currently Processing record: 627
2026-05-09.20:35:27.0547 [DSM:4] Currently Processing record: 628
2026-05-09.20:35:27.0551 [DSM:4] Currently Processing record: 629
2026-05-09.20:35:27.0560 [DSM:4] Currently Processing record: 630
2026-05-09.20:35:27.0569 [DSM:4] Currently Processing record: 631
2026-05-09.20:35:27.0573 [DSM:4] Currently Processing record: 632
2026-05-09.20:35:27.0582 [DSM:4] Currently Processing record: 633
2026-05-09.20:35:27.0592 [DSM:4] Currently Processing record: 634
2026-05-09.20:35:27.0602 [DSM:4] Currently Processing record: 635
2026-05-09.20:35:27.0607 [DSM:4] Currently Processing record: 636
2026-05-09.20:35:27.0611 [DSM:4] Currently Processing record: 637
2026-05-09.20:35:27.0616 [DSM:4] Currently Processing record: 638
2026-05-09.20:35:27.0620 [DSM:4] Currently Processing record: 639
2026-05-09.20:35:27.0629 [DSM:4] Currently Processing record: 640
2026-05-09.20:35:27.0634 [DSM:4] Currently Processing record: 641
2026-05-09.20:35:27.0638 [DSM:4] Currently Processing record: 642
2026-05-09.20:35:27.0644 [DSM:4] Currently Processing record: 643
2026-05-09.20:35:27.0647 [DSM:4] Currently Processing record: 644
2026-05-09.20:35:27.0653 [DSM:4] Currently Processing record: 645
2026-05-09.20:35:27.0657 [DSM:4] Currently Processing record: 646
2026-05-09.20:35:27.0667 [DSM:4] Currently Processing record: 647
2026-05-09.20:35:27.0675 [DSM:4] Currently Processing record: 648
2026-05-09.20:35:27.0684 [DSM:4] Currently Processing record: 649
2026-05-09.20:35:27.0691 [DSM:4] Currently Processing record: 650
2026-05-09.20:35:27.0699 [DSM:4] Currently Processing record: 651
2026-05-09.20:35:27.0706 [DSM:4] Currently Processing record: 652
2026-05-09.20:35:27.0711 [DSM:4] Currently Processing record: 653
2026-05-09.20:35:27.0716 [DSM:4] Currently Processing record: 654
2026-05-09.20:35:27.0725 [DSM:4] Currently Processing record: 655
2026-05-09.20:35:27.0732 [DSM:4] Currently Processing record: 656
2026-05-09.20:35:27.0740 [DSM:4] Currently Processing record: 657
2026-05-09.20:35:27.0746 [DSM:4] Currently Processing record: 658
2026-05-09.20:35:27.0754 [DSM:4] Currently Processing record: 659
2026-05-09.20:35:27.0764 [DSM:4] Currently Processing record: 660
2026-05-09.20:35:27.0767 [DSM:4] Currently Processing record: 661
2026-05-09.20:35:27.0771 [DSM:4] Currently Processing record: 662
2026-05-09.20:35:27.0779 [DSM:4] Currently Processing record: 663
2026-05-09.20:35:27.0786 [DSM:4] Currently Processing record: 664
2026-05-09.20:35:27.0792 [DSM:4] Currently Processing record: 665
2026-05-09.20:35:27.0799 [DSM:4] Currently Processing record: 666
2026-05-09.20:35:27.0811 [DSM:4] Currently Processing record: 667
2026-05-09.20:35:27.0818 [DSM:4] Currently Processing record: 668
2026-05-09.20:35:27.0826 [DSM:4] Currently Processing record: 669
2026-05-09.20:35:27.0829 [DSM:4] Currently Processing record: 670
2026-05-09.20:35:27.0839 [DSM:4] Currently Processing record: 671
2026-05-09.20:35:27.0843 [DSM:4] Currently Processing record: 672
2026-05-09.20:35:27.0847 [DSM:4] Currently Processing record: 673
2026-05-09.20:35:27.0856 [DSM:4] Currently Processing record: 674
2026-05-09.20:35:27.0860 [DSM:4] Currently Processing record: 675
2026-05-09.20:35:27.0865 [DSM:4] Currently Processing record: 676
2026-05-09.20:35:27.0871 [DSM:4] Currently Processing record: 677
2026-05-09.20:35:27.0879 [DSM:4] Currently Processing record: 678
2026-05-09.20:35:27.0888 [DSM:4] Currently Processing record: 679
2026-05-09.20:35:27.0896 [DSM:4] Currently Processing record: 680
2026-05-09.20:35:27.0903 [DSM:4] Currently Processing record: 681
2026-05-09.20:35:27.0907 [DSM:4] Currently Processing record: 682
2026-05-09.20:35:27.0910 [DSM:4] Currently Processing record: 683
2026-05-09.20:35:27.0916 [DSM:4] Currently Processing record: 684
2026-05-09.20:35:54.0937 [DSM:4] Incorrect Show Name. Expected: WEST SUFFOLK OBEDIENCE - Sat 30th and Sun 31st May 2026 - Actual: West Suffolk Obedience for record 684
2026-05-09.20:35:54.0945 [DSM:4] Currently Processing record: 685
2026-05-09.20:35:54.0946 [DSM:4] Incorrect Show Name. Expected: WEST SUFFOLK OBEDIENCE - Sat 30th and Sun 31st May 2026 - Actual: West Suffolk Obedience for record 685
2026-05-09.20:35:54.0946 [DSM:4] Currently Processing record: 686
2026-05-09.20:35:54.0946 [DSM:4] Incorrect Show Name. Expected: WEST SUFFOLK OBEDIENCE - Sat 30th and Sun 31st May 2026 - Actual: West Suffolk Obedience for record 686
2026-05-09.20:35:54.0946 [DSM:4] Currently Processing record: 687
2026-05-09.20:35:54.0946 [DSM:4] Incorrect Show Name. Expected: WEST SUFFOLK OBEDIENCE - Sat 30th and Sun 31st May 2026 - Actual: West Suffolk Obedience for record 687
2026-05-09.20:35:54.0947 [DSM:4] Currently Processing record: 688
2026-05-09.20:35:54.0947 [DSM:4] Incorrect Show Name. Expected: WEST SUFFOLK OBEDIENCE - Sat 30th and Sun 31st May 2026 - Actual: West Suffolk Obedience for record 688
2026-05-09.20:35:54.0947 [DSM:4] Currently Processing record: 689
2026-05-09.20:35:54.0947 [DSM:4] Incorrect Show Name. Expected: WEST SUFFOLK OBEDIENCE - Sat 30th and Sun 31st May 2026 - Actual: West Suffolk Obedience for record 689
2026-05-09.20:35:54.0947 [DSM:4] Currently Processing record: 690
2026-05-09.20:35:54.0948 [DSM:4] Incorrect Show Name. Expected: WEST SUFFOLK OBEDIENCE - Sat 30th and Sun 31st May 2026 - Actual: West Suffolk Obedience for record 690
2026-05-09.20:35:54.0948 [DSM:4] Currently Processing record: 691
2026-05-09.20:35:54.0948 [DSM:4] Incorrect Show Name. Expected: WEST SUFFOLK OBEDIENCE - Sat 30th and Sun 31st May 2026 - Actual: West Suffolk Obedience for record 691
2026-05-09.20:35:54.0948 [DSM:4] Currently Processing record: 692
2026-05-09.20:35:54.0949 [DSM:4] Incorrect Show Name. Expected: WEST SUFFOLK OBEDIENCE - Sat 30th and Sun 31st May 2026 - Actual: West Suffolk Obedience for record 692
2026-05-09.20:35:54.0949 [DSM:4] Currently Processing record: 693
2026-05-09.20:35:54.0949 [DSM:4] Incorrect Show Name. Expected: WEST SUFFOLK OBEDIENCE - Sat 30th and Sun 31st May 2026 - Actual: West Suffolk Obedience for record 693
2026-05-09.20:35:54.0949 [DSM:4] Currently Processing record: 694
2026-05-09.20:35:54.0949 [DSM:4] Incorrect Show Name. Expected: WEST SUFFOLK OBEDIENCE - Sat 30th and Sun 31st May 2026 - Actual: West Suffolk Obedience for record 694
2026-05-09.20:35:54.0950 [DSM:4] Currently Processing record: 695
2026-05-09.20:35:54.0950 [DSM:4] Incorrect Show Name. Expected: WEST SUFFOLK OBEDIENCE - Sat 30th and Sun 31st May 2026 - Actual: West Suffolk Obedience for record 695
2026-05-09.20:35:54.0950 [DSM:4] Currently Processing record: 696
2026-05-09.20:35:54.0950 [DSM:4] Incorrect Show Name. Expected: WEST SUFFOLK OBEDIENCE - Sat 30th and Sun 31st May 2026 - Actual: West Suffolk Obedience for record 696
2026-05-09.20:35:54.0950 [DSM:4] Currently Processing record: 697
2026-05-09.20:35:54.0951 [DSM:4] Incorrect Show Name. Expected: WEST SUFFOLK OBEDIENCE - Sat 30th and Sun 31st May 2026 - Actual: West Suffolk Obedience for record 697
2026-05-09.20:35:54.0951 [DSM:4] Currently Processing record: 698
2026-05-09.20:35:54.0951 [DSM:4] Incorrect Show Name. Expected: WEST SUFFOLK OBEDIENCE - Sat 30th and Sun 31st May 2026 - Actual: West Suffolk Obedience for record 698
2026-05-09.20:35:54.0951 [DSM:4] Currently Processing record: 699
2026-05-09.20:35:54.0951 [DSM:4] Incorrect Show Name. Expected: WEST SUFFOLK OBEDIENCE - Sat 30th and Sun 31st May 2026 - Actual: West Suffolk Obedience for record 699
2026-05-09.20:35:54.0952 [DSM:4] Currently Processing record: 700
2026-05-09.20:35:54.0952 [DSM:4] Incorrect Show Name. Expected: WEST SUFFOLK OBEDIENCE - Sat 30th and Sun 31st May 2026 - Actual: West Suffolk Obedience for record 700
2026-05-09.20:35:54.0952 [DSM:4] Currently Processing record: 701
2026-05-09.20:35:54.0952 [DSM:4] Incorrect Show Name. Expected: WEST SUFFOLK OBEDIENCE - Sat 30th and Sun 31st May 2026 - Actual: West Suffolk Obedience for record 701
2026-05-09.20:35:54.0952 [DSM:4] Currently Processing record: 702
2026-05-09.20:35:54.0953 [DSM:4] Incorrect Show Name. Expected: WEST SUFFOLK OBEDIENCE - Sat 30th and Sun 31st May 2026 - Actual: West Suffolk Obedience for record 702
2026-05-09.20:35:54.0953 [DSM:4] Currently Processing record: 703
2026-05-09.20:35:54.0953 [DSM:4] Incorrect Show Name. Expected: WEST SUFFOLK OBEDIENCE - Sat 30th and Sun 31st May 2026 - Actual: West Suffolk Obedience for record 703
2026-05-09.20:35:54.0953 [DSM:4] Currently Processing record: 704
2026-05-09.20:35:54.0953 [DSM:4] Incorrect Show Name. Expected: WEST SUFFOLK OBEDIENCE - Sat 30th and Sun 31st May 2026 - Actual: West Suffolk Obedience for record 704
2026-05-09.20:35:54.0954 [DSM:4] Currently Processing record: 705
2026-05-09.20:35:54.0954 [DSM:4] Incorrect Show Name. Expected: WEST SUFFOLK OBEDIENCE - Sat 30th and Sun 31st May 2026 - Actual: West Suffolk Obedience for record 705
2026-05-09.20:35:54.0954 [DSM:4] Currently Processing record: 706
2026-05-09.20:35:54.0954 [DSM:4] Incorrect Show Name. Expected: WEST SUFFOLK OBEDIENCE - Sat 30th and Sun 31st May 2026 - Actual: West Suffolk Obedience for record 706
2026-05-09.20:35:54.0954 [DSM:4] Currently Processing record: 707
2026-05-09.20:35:54.0955 [DSM:4] Incorrect Show Name. Expected: WEST SUFFOLK OBEDIENCE - Sat 30th and Sun 31st May 2026 - Actual: West Suffolk Obedience for record 707
2026-05-09.20:35:54.0955 [DSM:4] Currently Processing record: 708
2026-05-09.20:35:54.0955 [DSM:4] Incorrect Show Name. Expected: WEST SUFFOLK OBEDIENCE - Sat 30th and Sun 31st May 2026 - Actual: West Suffolk Obedience for record 708
2026-05-09.20:35:54.0955 [DSM:4] Currently Processing record: 709
2026-05-09.20:35:54.0955 [DSM:4] Incorrect Show Name. Expected: WEST SUFFOLK OBEDIENCE - Sat 30th and Sun 31st May 2026 - Actual: West Suffolk Obedience for record 709
2026-05-09.20:35:54.0956 [DSM:4] Currently Processing record: 710
2026-05-09.20:35:54.0956 [DSM:4] Incorrect Show Name. Expected: WEST SUFFOLK OBEDIENCE - Sat 30th and Sun 31st May 2026 - Actual: West Suffolk Obedience for record 710
2026-05-09.20:35:54.0956 [DSM:4] Currently Processing record: 711
2026-05-09.20:35:54.0956 [DSM:4] Incorrect Show Name. Expected: WEST SUFFOLK OBEDIENCE - Sat 30th and Sun 31st May 2026 - Actual: West Suffolk Obedience for record 711
2026-05-09.20:35:54.0956 [DSM:4] Currently Processing record: 712
2026-05-09.20:35:54.0957 [DSM:4] Incorrect Show Name. Expected: WEST SUFFOLK OBEDIENCE - Sat 30th and Sun 31st May 2026 - Actual: West Suffolk Obedience for record 712
2026-05-09.20:35:54.0957 [DSM:4] Currently Processing record: 713
2026-05-09.20:35:54.0957 [DSM:4] Incorrect Show Name. Expected: WEST SUFFOLK OBEDIENCE - Sat 30th and Sun 31st May 2026 - Actual: West Suffolk Obedience for record 713
2026-05-09.20:35:54.0957 [DSM:4] Currently Processing record: 714
2026-05-09.20:35:54.0957 [DSM:4] Incorrect Show Name. Expected: WEST SUFFOLK OBEDIENCE - Sat 30th and Sun 31st May 2026 - Actual: West Suffolk Obedience for record 714
2026-05-09.20:35:54.0958 [DSM:4] Currently Processing record: 715
2026-05-09.20:35:54.0958 [DSM:4] Incorrect Show Name. Expected: WEST SUFFOLK OBEDIENCE - Sat 30th and Sun 31st May 2026 - Actual: West Suffolk Obedience for record 715
2026-05-09.20:35:54.0958 [DSM:4] Currently Processing record: 716
2026-05-09.20:35:54.0958 [DSM:4] Incorrect Show Name. Expected: WEST SUFFOLK OBEDIENCE - Sat 30th and Sun 31st May 2026 - Actual: West Suffolk Obedience for record 716
2026-05-09.20:35:54.0959 [DSM:4] Currently Processing record: 717
2026-05-09.20:35:54.0959 [DSM:4] Incorrect Show Name. Expected: WEST SUFFOLK OBEDIENCE - Sat 30th and Sun 31st May 2026 - Actual: West Suffolk Obedience for record 717
2026-05-09.20:35:54.0959 [DSM:4] Currently Processing record: 718
2026-05-09.20:35:54.0959 [DSM:4] Incorrect Show Name. Expected: WEST SUFFOLK OBEDIENCE - Sat 30th and Sun 31st May 2026 - Actual: West Suffolk Obedience for record 718
2026-05-09.20:35:54.0960 [DSM:4] Currently Processing record: 719
2026-05-09.20:35:54.0960 [DSM:4] Incorrect Show Name. Expected: WEST SUFFOLK OBEDIENCE - Sat 30th and Sun 31st May 2026 - Actual: West Suffolk Obedience for record 719
2026-05-09.20:35:54.0960 [DSM:4] Currently Processing record: 720
2026-05-09.20:35:54.0960 [DSM:4] Incorrect Show Name. Expected: WEST SUFFOLK OBEDIENCE - Sat 30th and Sun 31st May 2026 - Actual: West Suffolk Obedience for record 720
2026-05-09.20:35:54.0961 [DSM:4] Currently Processing record: 721
2026-05-09.20:35:54.0962 [DSM:4] Incorrect Show Name. Expected: WEST SUFFOLK OBEDIENCE - Sat 30th and Sun 31st May 2026 - Actual: West Suffolk Obedience for record 721
2026-05-09.20:35:54.0962 [DSM:4] Currently Processing record: 722
2026-05-09.20:35:54.0963 [DSM:4] Incorrect Show Name. Expected: WEST SUFFOLK OBEDIENCE - Sat 30th and Sun 31st May 2026 - Actual: West Suffolk Obedience for record 722
2026-05-09.20:35:54.0963 [DSM:4] Currently Processing record: 723
2026-05-09.20:35:54.0963 [DSM:4] Incorrect Show Name. Expected: WEST SUFFOLK OBEDIENCE - Sat 30th and Sun 31st May 2026 - Actual: West Suffolk Obedience for record 723
2026-05-09.20:35:54.0963 [DSM:4] Currently Processing record: 724
2026-05-09.20:35:54.0964 [DSM:4] Incorrect Show Name. Expected: WEST SUFFOLK OBEDIENCE - Sat 30th and Sun 31st May 2026 - Actual: West Suffolk Obedience for record 724
2026-05-09.20:35:54.0964 [DSM:4] Currently Processing record: 725
2026-05-09.20:35:54.0964 [DSM:4] Incorrect Show Name. Expected: WEST SUFFOLK OBEDIENCE - Sat 30th and Sun 31st May 2026 - Actual: West Suffolk Obedience for record 725
2026-05-09.20:35:54.0965 [DSM:4] Currently Processing record: 726
2026-05-09.20:35:54.0965 [DSM:4] Incorrect Show Name. Expected: WEST SUFFOLK OBEDIENCE - Sat 30th and Sun 31st May 2026 - Actual: West Suffolk Obedience for record 726
2026-05-09.20:35:54.0965 [DSM:4] Currently Processing record: 727
2026-05-09.20:35:54.0965 [DSM:4] Incorrect Show Name. Expected: WEST SUFFOLK OBEDIENCE - Sat 30th and Sun 31st May 2026 - Actual: West Suffolk Obedience for record 727
2026-05-09.20:35:54.0967 [DSM:4] Currently Processing record: 728
2026-05-09.20:35:54.0967 [DSM:4] Incorrect Show Name. Expected: WEST SUFFOLK OBEDIENCE - Sat 30th and Sun 31st May 2026 - Actual: West Suffolk Obedience for record 728
2026-05-09.20:35:54.0967 [DSM:4] Currently Processing record: 729
2026-05-09.20:35:54.0967 [DSM:4] Incorrect Show Name. Expected: WEST SUFFOLK OBEDIENCE - Sat 30th and Sun 31st May 2026 - Actual: West Suffolk Obedience for record 729
2026-05-09.20:35:54.0967 [DSM:4] Currently Processing record: 730
2026-05-09.20:35:54.0967 [DSM:4] Incorrect Show Name. Expected: WEST SUFFOLK OBEDIENCE - Sat 30th and Sun 31st May 2026 - Actual: West Suffolk Obedience for record 730
2026-05-09.20:35:54.0968 [DSM:4] Currently Processing record: 731
2026-05-09.20:35:54.0968 [DSM:4] Incorrect Show Name. Expected: WEST SUFFOLK OBEDIENCE - Sat 30th and Sun 31st May 2026 - Actual: West Suffolk Obedience for record 731
2026-05-09.20:35:54.0968 [DSM:4] Currently Processing record: 732
2026-05-09.20:35:54.0968 [DSM:4] Incorrect Show Name. Expected: WEST SUFFOLK OBEDIENCE - Sat 30th and Sun 31st May 2026 - Actual: West Suffolk Obedience for record 732
2026-05-09.20:35:54.0969 [DSM:4] Currently Processing record: 733
2026-05-09.20:35:54.0969 [DSM:4] Incorrect Show Name. Expected: WEST SUFFOLK OBEDIENCE - Sat 30th and Sun 31st May 2026 - Actual: West Suffolk Obedience for record 733
2026-05-09.20:35:54.0969 [DSM:4] Currently Processing record: 734
2026-05-09.20:35:54.0969 [DSM:4] Incorrect Show Name. Expected: WEST SUFFOLK OBEDIENCE - Sat 30th and Sun 31st May 2026 - Actual: West Suffolk Obedience for record 734
2026-05-09.20:35:54.0969 [DSM:4] Currently Processing record: 735
2026-05-09.20:35:54.0969 [DSM:4] Incorrect Show Name. Expected: WEST SUFFOLK OBEDIENCE - Sat 30th and Sun 31st May 2026 - Actual: West Suffolk Obedience for record 735
2026-05-09.20:35:54.0969 [DSM:4] Currently Processing record: 736
2026-05-09.20:35:54.0969 [DSM:4] Incorrect Show Name. Expected: WEST SUFFOLK OBEDIENCE - Sat 30th and Sun 31st May 2026 - Actual: West Suffolk Obedience for record 736
2026-05-09.20:35:54.0970 [DSM:4] Currently Processing record: 737
2026-05-09.20:35:54.0970 [DSM:4] Incorrect Show Name. Expected: WEST SUFFOLK OBEDIENCE - Sat 30th and Sun 31st May 2026 - Actual: West Suffolk Obedience for record 737
2026-05-09.20:35:54.0970 [DSM:4] Currently Processing record: 738
2026-05-09.20:35:54.0971 [DSM:4] Incorrect Show Name. Expected: WEST SUFFOLK OBEDIENCE - Sat 30th and Sun 31st May 2026 - Actual: West Suffolk Obedience for record 738
2026-05-09.20:35:54.0971 [DSM:4] Currently Processing record: 739
2026-05-09.20:35:54.0971 [DSM:4] Incorrect Show Name. Expected: WEST SUFFOLK OBEDIENCE - Sat 30th and Sun 31st May 2026 - Actual: West Suffolk Obedience for record 739
2026-05-09.20:35:54.0971 [DSM:4] Currently Processing record: 740
2026-05-09.20:35:54.0971 [DSM:4] Incorrect Show Name. Expected: WEST SUFFOLK OBEDIENCE - Sat 30th and Sun 31st May 2026 - Actual: West Suffolk Obedience for record 740
2026-05-09.20:35:54.0972 [DSM:4] Currently Processing record: 741
2026-05-09.20:35:54.0972 [DSM:4] Incorrect Show Name. Expected: WEST SUFFOLK OBEDIENCE - Sat 30th and Sun 31st May 2026 - Actual: West Suffolk Obedience for record 741
2026-05-09.20:35:54.0972 [DSM:4] Currently Processing record: 742
2026-05-09.20:35:54.0972 [DSM:4] Incorrect Show Name. Expected: WEST SUFFOLK OBEDIENCE - Sat 30th and Sun 31st May 2026 - Actual: West Suffolk Obedience for record 742
2026-05-09.20:35:54.0972 [DSM:4] Currently Processing record: 743
2026-05-09.20:35:54.0973 [DSM:4] Incorrect Show Name. Expected: WEST SUFFOLK OBEDIENCE - Sat 30th and Sun 31st May 2026 - Actual: West Suffolk Obedience for record 743
2026-05-09.20:35:54.0974 [DSM:1] *****************************
2026-05-09.20:35:54.0974 [DSM:1] 683 class entries added
2026-05-09.20:35:54.0974 [DSM:1] 0 NFC entries ignored
2026-05-09.20:35:54.0975 [DSM:1] 0 entries marked as not for Import
2026-05-09.20:35:54.0975 [DSM:1] *****************************
